// Jest Snapshot v1, https://goo.gl/fbAQLP

exports[`TopBar tests Renders the TopBar correctly 1`] = `
<View
  style={
    {
      "alignItems": "flex-start",
      "display": "flex",
      "flexDirection": "column",
    }
  }
>
  <View
    style={
      {
        "alignSelf": "stretch",
        "height": 20,
      }
    }
  >
    <View
      style={
        {
          "backgroundColor": "#1C1F27",
          "height": 20,
          "width": "auto",
        }
      }
    />
  </View>
</View>
`;
